Analysis & Synthesis report for DIGITAL_NUM
Mon Nov 14 00:59:54 2016
Quartus II 64-Bit Version 12.1 Build 177 11/07/2012 SJ Full Version


---------------------
; Table of Contents ;
---------------------
  1. Legal Notice
  2. Analysis & Synthesis Summary
  3. Analysis & Synthesis Settings
  4. Parallel Compilation
  5. Analysis & Synthesis Source Files Read
  6. Analysis & Synthesis Resource Usage Summary
  7. Analysis & Synthesis Resource Utilization by Entity
  8. Registers Removed During Synthesis
  9. Removed Registers Triggering Further Register Optimizations
 10. General Register Statistics
 11. Inverted Register Statistics
 12. Multiplexer Restructuring Statistics (Restructuring Performed)
 13. Parameter Settings for User Entity Instance: SMG_ENCODER_MODULE:U3
 14. Parameter Settings for User Entity Instance: SMG_SCAN_MODULE:U4|ROW_SCAN_MODULE:U_row_scan_module_Inst
 15. Parameter Settings for User Entity Instance: SMG_SCAN_MODULE:U4|COL_SCAN_MODULE:U_col_scan_module_Inst
 16. Parameter Settings for Inferred Entity Instance: NUMBER_MOD_MODULE:U2|lpm_divide:Mod0
 17. Port Connectivity Checks: "SMG_SCAN_MODULE:U4"
 18. Port Connectivity Checks: "NUMBER_MOD_MODULE:U2"
 19. Elapsed Time Per Partition
 20. Analysis & Synthesis Messages



----------------
; Legal Notice ;
----------------
Copyright (C) 1991-2012 Altera Corporation
Your use of Altera Corporation's design tools, logic functions 
and other software and tools, and its AMPP partner logic 
functions, and any output files from any of the foregoing 
(including device programming or simulation files), and any 
associated documentation or information are expressly subject 
to the terms and conditions of the Altera Program License 
Subscription Agreement, Altera MegaCore Function License 
Agreement, or other applicable license agreement, including, 
without limitation, that your use is for the sole purpose of 
programming logic devices manufactured by Altera and sold by 
Altera or its authorized distributors.  Please refer to the 
applicable agreement for further details.



+--------------------------------------------------------------------------------+
; Analysis & Synthesis Summary                                                   ;
+------------------------------------+-------------------------------------------+
; Analysis & Synthesis Status        ; Successful - Mon Nov 14 00:59:54 2016     ;
; Quartus II 64-Bit Version          ; 12.1 Build 177 11/07/2012 SJ Full Version ;
; Revision Name                      ; DIGITAL_NUM                               ;
; Top-level Entity Name              ; top_module                                ;
; Family                             ; Cyclone IV E                              ;
; Total logic elements               ; 42                                        ;
;     Total combinational functions  ; 39                                        ;
;     Dedicated logic registers      ; 27                                        ;
; Total registers                    ; 27                                        ;
; Total pins                         ; 26                                        ;
; Total virtual pins                 ; 0                                         ;
; Total memory bits                  ; 0                                         ;
; Embedded Multiplier 9-bit elements ; 0                                         ;
; Total PLLs                         ; 0                                         ;
+------------------------------------+-------------------------------------------+


+----------------------------------------------------------------------------------------------------------------------+
; Analysis & Synthesis Settings                                                                                        ;
+----------------------------------------------------------------------------+--------------------+--------------------+
; Option                                                                     ; Setting            ; Default Value      ;
+----------------------------------------------------------------------------+--------------------+--------------------+
; Device                                                                     ; EP4CE40F23C6       ;                    ;
; Top-level entity name                                                      ; top_module         ; DIGITAL_NUM        ;
; Family name                                                                ; Cyclone IV E       ; Cyclone IV GX      ;
; Use smart compilation                                                      ; Off                ; Off                ;
; Enable parallel Assembler and TimeQuest Timing Analyzer during compilation ; On                 ; On                 ;
; Enable compact report table                                                ; Off                ; Off                ;
; Restructure Multiplexers                                                   ; Auto               ; Auto               ;
; Create Debugging Nodes for IP Cores                                        ; Off                ; Off                ;
; Preserve fewer node names                                                  ; On                 ; On                 ;
; Disable OpenCore Plus hardware evaluation                                  ; Off                ; Off                ;
; Verilog Version                                                            ; Verilog_2001       ; Verilog_2001       ;
; VHDL Version                                                               ; VHDL_1993          ; VHDL_1993          ;
; State Machine Processing                                                   ; Auto               ; Auto               ;
; Safe State Machine                                                         ; Off                ; Off                ;
; Extract Verilog State Machines                                             ; On                 ; On                 ;
; Extract VHDL State Machines                                                ; On                 ; On                 ;
; Ignore Verilog initial constructs                                          ; Off                ; Off                ;
; Iteration limit for constant Verilog loops                                 ; 5000               ; 5000               ;
; Iteration limit for non-constant Verilog loops                             ; 250                ; 250                ;
; Add Pass-Through Logic to Inferred RAMs                                    ; On                 ; On                 ;
; Infer RAMs from Raw Logic                                                  ; On                 ; On                 ;
; Parallel Synthesis                                                         ; On                 ; On                 ;
; DSP Block Balancing                                                        ; Auto               ; Auto               ;
; NOT Gate Push-Back                                                         ; On                 ; On                 ;
; Power-Up Don't Care                                                        ; On                 ; On                 ;
; Remove Redundant Logic Cells                                               ; Off                ; Off                ;
; Remove Duplicate Registers                                                 ; On                 ; On                 ;
; Ignore CARRY Buffers                                                       ; Off                ; Off                ;
; Ignore CASCADE Buffers                                                     ; Off                ; Off                ;
; Ignore GLOBAL Buffers                                                      ; Off                ; Off                ;
; Ignore ROW GLOBAL Buffers                                                  ; Off                ; Off                ;
; Ignore LCELL Buffers                                                       ; Off                ; Off                ;
; Ignore SOFT Buffers                                                        ; On                 ; On                 ;
; Limit AHDL Integers to 32 Bits                                             ; Off                ; Off                ;
; Optimization Technique                                                     ; Balanced           ; Balanced           ;
; Carry Chain Length                                                         ; 70                 ; 70                 ;
; Auto Carry Chains                                                          ; On                 ; On                 ;
; Auto Open-Drain Pins                                                       ; On                 ; On                 ;
; Perform WYSIWYG Primitive Resynthesis                                      ; Off                ; Off                ;
; Auto ROM Replacement                                                       ; On                 ; On                 ;
; Auto RAM Replacement                                                       ; On                 ; On                 ;
; Auto DSP Block Replacement                                                 ; On                 ; On                 ;
; Auto Shift Register Replacement                                            ; Auto               ; Auto               ;
; Allow Shift Register Merging across Hierarchies                            ; Auto               ; Auto               ;
; Auto Clock Enable Replacement                                              ; On                 ; On                 ;
; Strict RAM Replacement                                                     ; Off                ; Off                ;
; Allow Synchronous Control Signals                                          ; On                 ; On                 ;
; Force Use of Synchronous Clear Signals                                     ; Off                ; Off                ;
; Auto RAM Block Balancing                                                   ; On                 ; On                 ;
; Auto RAM to Logic Cell Conversion                                          ; Off                ; Off                ;
; Auto Resource Sharing                                                      ; Off                ; Off                ;
; Allow Any RAM Size For Recognition                                         ; Off                ; Off                ;
; Allow Any ROM Size For Recognition                                         ; Off                ; Off                ;
; Allow Any Shift Register Size For Recognition                              ; Off                ; Off                ;
; Use LogicLock Constraints during Resource Balancing                        ; On                 ; On                 ;
; Ignore translate_off and synthesis_off directives                          ; Off                ; Off                ;
; Timing-Driven Synthesis                                                    ; On                 ; On                 ;
; Report Parameter Settings                                                  ; On                 ; On                 ;
; Report Source Assignments                                                  ; On                 ; On                 ;
; Report Connectivity Checks                                                 ; On                 ; On                 ;
; Ignore Maximum Fan-Out Assignments                                         ; Off                ; Off                ;
; Synchronization Register Chain Length                                      ; 2                  ; 2                  ;
; PowerPlay Power Optimization                                               ; Normal compilation ; Normal compilation ;
; HDL message level                                                          ; Level2             ; Level2             ;
; Suppress Register Optimization Related Messages                            ; Off                ; Off                ;
; Number of Removed Registers Reported in Synthesis Report                   ; 5000               ; 5000               ;
; Number of Swept Nodes Reported in Synthesis Report                         ; 5000               ; 5000               ;
; Number of Inverted Registers Reported in Synthesis Report                  ; 100                ; 100                ;
; Clock MUX Protection                                                       ; On                 ; On                 ;
; Auto Gated Clock Conversion                                                ; Off                ; Off                ;
; Block Design Naming                                                        ; Auto               ; Auto               ;
; SDC constraint protection                                                  ; Off                ; Off                ;
; Synthesis Effort                                                           ; Auto               ; Auto               ;
; Shift Register Replacement - Allow Asynchronous Clear Signal               ; On                 ; On                 ;
; Pre-Mapping Resynthesis Optimization                                       ; Off                ; Off                ;
; Analysis & Synthesis Message Level                                         ; Medium             ; Medium             ;
; Disable Register Merging Across Hierarchies                                ; Auto               ; Auto               ;
; Resource Aware Inference For Block RAM                                     ; On                 ; On                 ;
; Synthesis Seed                                                             ; 1                  ; 1                  ;
+----------------------------------------------------------------------------+--------------------+--------------------+


+------------------------------------------+
; Parallel Compilation                     ;
+----------------------------+-------------+
; Processors                 ; Number      ;
+----------------------------+-------------+
; Number detected on machine ; 4           ;
; Maximum allowed            ; 4           ;
;                            ;             ;
; Average used               ; 1.00        ;
; Maximum used               ; 1           ;
;                            ;             ;
; Usage by Processor         ; % Time Used ;
;     1 processor            ; 100.0%      ;
;     2-4 processors         ;   0.0%      ;
+----------------------------+-------------+


+------------------------------------------------------------------------------------------------------------------------------------------------------------------+
; Analysis & Synthesis Source Files Read                                                                                                                           ;
+----------------------------------+-----------------+------------------------------+--------------------------------------------------------------------+---------+
; File Name with User-Entered Path ; Used in Netlist ; File Type                    ; File Name with Absolute Path                                       ; Library ;
+----------------------------------+-----------------+------------------------------+--------------------------------------------------------------------+---------+
; NUMBER_MOD_MODULE.v              ; yes             ; User Verilog HDL File        ; D:/FPGA_PROC/DIGITAL_NUM/NUMBER_MOD_MODULE.v                       ;         ;
; SMG_ENCODER_MODULE.v             ; yes             ; User Verilog HDL File        ; D:/FPGA_PROC/DIGITAL_NUM/SMG_ENCODER_MODULE.v                      ;         ;
; COL_SCAN_MODULE.v                ; yes             ; User Verilog HDL File        ; D:/FPGA_PROC/DIGITAL_NUM/COL_SCAN_MODULE.v                         ;         ;
; ROW_SCAN_MODULE.v                ; yes             ; User Verilog HDL File        ; D:/FPGA_PROC/DIGITAL_NUM/ROW_SCAN_MODULE.v                         ;         ;
; SMG_SCAN_MODULE.v                ; yes             ; User Verilog HDL File        ; D:/FPGA_PROC/DIGITAL_NUM/SMG_SCAN_MODULE.v                         ;         ;
; top_module.v                     ; yes             ; User Verilog HDL File        ; D:/FPGA_PROC/DIGITAL_NUM/top_module.v                              ;         ;
; lpm_divide.tdf                   ; yes             ; Megafunction                 ; d:/altera/12.1/quartus/libraries/megafunctions/lpm_divide.tdf      ;         ;
; abs_divider.inc                  ; yes             ; Megafunction                 ; d:/altera/12.1/quartus/libraries/megafunctions/abs_divider.inc     ;         ;
; sign_div_unsign.inc              ; yes             ; Megafunction                 ; d:/altera/12.1/quartus/libraries/megafunctions/sign_div_unsign.inc ;         ;
; aglobal121.inc                   ; yes             ; Megafunction                 ; d:/altera/12.1/quartus/libraries/megafunctions/aglobal121.inc      ;         ;
; db/lpm_divide_f9m.tdf            ; yes             ; Auto-Generated Megafunction  ; D:/FPGA_PROC/DIGITAL_NUM/db/lpm_divide_f9m.tdf                     ;         ;
; db/sign_div_unsign_7kh.tdf       ; yes             ; Auto-Generated Megafunction  ; D:/FPGA_PROC/DIGITAL_NUM/db/sign_div_unsign_7kh.tdf                ;         ;
; db/alt_u_div_24f.tdf             ; yes             ; Auto-Generated Megafunction  ; D:/FPGA_PROC/DIGITAL_NUM/db/alt_u_div_24f.tdf                      ;         ;
; db/add_sub_7pc.tdf               ; yes             ; Auto-Generated Megafunction  ; D:/FPGA_PROC/DIGITAL_NUM/db/add_sub_7pc.tdf                        ;         ;
; db/add_sub_8pc.tdf               ; yes             ; Auto-Generated Megafunction  ; D:/FPGA_PROC/DIGITAL_NUM/db/add_sub_8pc.tdf                        ;         ;
+----------------------------------+-----------------+------------------------------+--------------------------------------------------------------------+---------+


+-----------------------------------------------------+
; Analysis & Synthesis Resource Usage Summary         ;
+---------------------------------------------+-------+
; Resource                                    ; Usage ;
+---------------------------------------------+-------+
; Estimated Total logic elements              ; 42    ;
;                                             ;       ;
; Total combinational functions               ; 39    ;
; Logic element usage by number of LUT inputs ;       ;
;     -- 4 input functions                    ; 7     ;
;     -- 3 input functions                    ; 3     ;
;     -- <=2 input functions                  ; 29    ;
;                                             ;       ;
; Logic elements by mode                      ;       ;
;     -- normal mode                          ; 21    ;
;     -- arithmetic mode                      ; 18    ;
;                                             ;       ;
; Total registers                             ; 27    ;
;     -- Dedicated logic registers            ; 27    ;
;     -- I/O registers                        ; 0     ;
;                                             ;       ;
; I/O pins                                    ; 26    ;
; Embedded Multiplier 9-bit elements          ; 0     ;
; Maximum fan-out                             ; 27    ;
; Total fan-out                               ; 207   ;
; Average fan-out                             ; 1.75  ;
+---------------------------------------------+-------+


+---------------------------------------------------------------------------------------------------------------------------------------------------------------------------------------------------------------------------------------------------+
; Analysis & Synthesis Resource Utilization by Entity                                                                                                                                                                                               ;
+------------------------------------------------+-------------------+--------------+-------------+--------------+---------+-----------+------+--------------+-----------------------------------------------------------------------+--------------+
; Compilation Hierarchy Node                     ; LC Combinationals ; LC Registers ; Memory Bits ; DSP Elements ; DSP 9x9 ; DSP 18x18 ; Pins ; Virtual Pins ; Full Hierarchy Name                                                   ; Library Name ;
+------------------------------------------------+-------------------+--------------+-------------+--------------+---------+-----------+------+--------------+-----------------------------------------------------------------------+--------------+
; |top_module                                    ; 39 (0)            ; 27 (0)       ; 0           ; 0            ; 0       ; 0         ; 26   ; 0            ; |top_module                                                           ;              ;
;    |NUMBER_MOD_MODULE:U2|                      ; 0 (0)             ; 1 (1)        ; 0           ; 0            ; 0       ; 0         ; 0    ; 0            ; |top_module|NUMBER_MOD_MODULE:U2                                      ;              ;
;    |SMG_ENCODER_MODULE:U3|                     ; 1 (1)             ; 2 (2)        ; 0           ; 0            ; 0       ; 0         ; 0    ; 0            ; |top_module|SMG_ENCODER_MODULE:U3                                     ;              ;
;    |SMG_SCAN_MODULE:U4|                        ; 38 (0)            ; 24 (0)       ; 0           ; 0            ; 0       ; 0         ; 0    ; 0            ; |top_module|SMG_SCAN_MODULE:U4                                        ;              ;
;       |ROW_SCAN_MODULE:U_row_scan_module_Inst| ; 38 (38)           ; 24 (24)      ; 0           ; 0            ; 0       ; 0         ; 0    ; 0            ; |top_module|SMG_SCAN_MODULE:U4|ROW_SCAN_MODULE:U_row_scan_module_Inst ;              ;
+------------------------------------------------+-------------------+--------------+-------------+--------------+---------+-----------+------+--------------+-----------------------------------------------------------------------+--------------+
Note: For table entries with two numbers listed, the numbers in parentheses indicate the number of resources of the given type used by the specific entity alone. The numbers listed outside of parentheses indicate the total resources of the given type used by the specific entity and all of its sub-entities in the hierarchy.


+-------------------------------------------------------------------------------------------------------------------------------------------------------------+
; Registers Removed During Synthesis                                                                                                                          ;
+----------------------------------------------------------------------------+--------------------------------------------------------------------------------+
; Register name                                                              ; Reason for Removal                                                             ;
+----------------------------------------------------------------------------+--------------------------------------------------------------------------------+
; SMG_ENCODER_MODULE:U3|rTen_SMG_Data[7]                                     ; Stuck at VCC due to stuck port data_in                                         ;
; SMG_ENCODER_MODULE:U3|rOne_SMG_Data[7]                                     ; Stuck at VCC due to stuck port data_in                                         ;
; SMG_SCAN_MODULE:U4|COL_SCAN_MODULE:U_col_scan_module_Inst|rCol_Scan_Sig[0] ; Stuck at GND due to stuck port data_in                                         ;
; SMG_SCAN_MODULE:U4|COL_SCAN_MODULE:U_col_scan_module_Inst|rCol_Scan_Sig[1] ; Stuck at VCC due to stuck port data_in                                         ;
; SMG_SCAN_MODULE:U4|COL_SCAN_MODULE:U_col_scan_module_Inst|Count1[0..18]    ; Lost fanout                                                                    ;
; SMG_SCAN_MODULE:U4|COL_SCAN_MODULE:U_col_scan_module_Inst|rSel_index[0,1]  ; Lost fanout                                                                    ;
; SMG_SCAN_MODULE:U4|ROW_SCAN_MODULE:U_row_scan_module_Inst|rData[3..5]      ; Merged with SMG_SCAN_MODULE:U4|ROW_SCAN_MODULE:U_row_scan_module_Inst|rData[0] ;
; SMG_SCAN_MODULE:U4|ROW_SCAN_MODULE:U_row_scan_module_Inst|rData[2]         ; Merged with SMG_SCAN_MODULE:U4|ROW_SCAN_MODULE:U_row_scan_module_Inst|rData[1] ;
; SMG_ENCODER_MODULE:U3|rTen_SMG_Data[3..5]                                  ; Merged with SMG_ENCODER_MODULE:U3|rTen_SMG_Data[0]                             ;
; SMG_ENCODER_MODULE:U3|rTen_SMG_Data[2]                                     ; Merged with SMG_ENCODER_MODULE:U3|rTen_SMG_Data[1]                             ;
; SMG_ENCODER_MODULE:U3|rOne_SMG_Data[3..5]                                  ; Merged with SMG_ENCODER_MODULE:U3|rOne_SMG_Data[0]                             ;
; SMG_ENCODER_MODULE:U3|rOne_SMG_Data[2]                                     ; Merged with SMG_ENCODER_MODULE:U3|rOne_SMG_Data[1]                             ;
; SMG_ENCODER_MODULE:U3|rTen_SMG_Data[6]                                     ; Stuck at VCC due to stuck port data_in                                         ;
; SMG_ENCODER_MODULE:U3|rOne_SMG_Data[6]                                     ; Stuck at VCC due to stuck port data_in                                         ;
; SMG_ENCODER_MODULE:U3|rOne_SMG_Data[1]                                     ; Merged with SMG_ENCODER_MODULE:U3|rTen_SMG_Data[1]                             ;
; SMG_SCAN_MODULE:U4|ROW_SCAN_MODULE:U_row_scan_module_Inst|rData[6]         ; Merged with SMG_SCAN_MODULE:U4|ROW_SCAN_MODULE:U_row_scan_module_Inst|rData[7] ;
; NUMBER_MOD_MODULE:U2|rTen[0]                                               ; Stuck at GND due to stuck port data_in                                         ;
; SMG_ENCODER_MODULE:U3|rTen_SMG_Data[0]                                     ; Merged with SMG_ENCODER_MODULE:U3|rTen_SMG_Data[1]                             ;
; Total Number of Removed Registers = 43                                     ;                                                                                ;
+----------------------------------------------------------------------------+--------------------------------------------------------------------------------+


+-----------------------------------------------------------------------------------------------------------------------------------------------------------------------------------+
; Removed Registers Triggering Further Register Optimizations                                                                                                                       ;
+----------------------------------------------------------------------------+---------------------------+--------------------------------------------------------------------------+
; Register name                                                              ; Reason for Removal        ; Registers Removed due to This Register                                   ;
+----------------------------------------------------------------------------+---------------------------+--------------------------------------------------------------------------+
; SMG_SCAN_MODULE:U4|COL_SCAN_MODULE:U_col_scan_module_Inst|rCol_Scan_Sig[0] ; Stuck at GND              ; SMG_SCAN_MODULE:U4|COL_SCAN_MODULE:U_col_scan_module_Inst|Count1[18],    ;
;                                                                            ; due to stuck port data_in ; SMG_SCAN_MODULE:U4|COL_SCAN_MODULE:U_col_scan_module_Inst|Count1[14],    ;
;                                                                            ;                           ; SMG_SCAN_MODULE:U4|COL_SCAN_MODULE:U_col_scan_module_Inst|Count1[11],    ;
;                                                                            ;                           ; SMG_SCAN_MODULE:U4|COL_SCAN_MODULE:U_col_scan_module_Inst|Count1[9],     ;
;                                                                            ;                           ; SMG_SCAN_MODULE:U4|COL_SCAN_MODULE:U_col_scan_module_Inst|Count1[8],     ;
;                                                                            ;                           ; SMG_SCAN_MODULE:U4|COL_SCAN_MODULE:U_col_scan_module_Inst|Count1[5],     ;
;                                                                            ;                           ; SMG_SCAN_MODULE:U4|COL_SCAN_MODULE:U_col_scan_module_Inst|Count1[4],     ;
;                                                                            ;                           ; SMG_SCAN_MODULE:U4|COL_SCAN_MODULE:U_col_scan_module_Inst|Count1[3],     ;
;                                                                            ;                           ; SMG_SCAN_MODULE:U4|COL_SCAN_MODULE:U_col_scan_module_Inst|rSel_index[1], ;
;                                                                            ;                           ; SMG_SCAN_MODULE:U4|COL_SCAN_MODULE:U_col_scan_module_Inst|rSel_index[0]  ;
+----------------------------------------------------------------------------+---------------------------+--------------------------------------------------------------------------+


+------------------------------------------------------+
; General Register Statistics                          ;
+----------------------------------------------+-------+
; Statistic                                    ; Value ;
+----------------------------------------------+-------+
; Total registers                              ; 27    ;
; Number of registers using Synchronous Clear  ; 0     ;
; Number of registers using Synchronous Load   ; 0     ;
; Number of registers using Asynchronous Clear ; 27    ;
; Number of registers using Asynchronous Load  ; 0     ;
; Number of registers using Clock Enable       ; 2     ;
; Number of registers using Preset             ; 0     ;
+----------------------------------------------+-------+


+--------------------------------------------------+
; Inverted Register Statistics                     ;
+----------------------------------------+---------+
; Inverted Register                      ; Fan out ;
+----------------------------------------+---------+
; SMG_ENCODER_MODULE:U3|rTen_SMG_Data[1] ; 2       ;
; SMG_ENCODER_MODULE:U3|rOne_SMG_Data[0] ; 1       ;
; Total number of inverted registers = 2 ;         ;
+----------------------------------------+---------+


+---------------------------------------------------------------------------------------------------------------------------------------------------------------------------------------------------+
; Multiplexer Restructuring Statistics (Restructuring Performed)                                                                                                                                    ;
+--------------------+-----------+---------------+----------------------+------------------------+------------+-------------------------------------------------------------------------------------+
; Multiplexer Inputs ; Bus Width ; Baseline Area ; Area if Restructured ; Saving if Restructured ; Registered ; Example Multiplexer Output                                                          ;
+--------------------+-----------+---------------+----------------------+------------------------+------------+-------------------------------------------------------------------------------------+
; 3:1                ; 2 bits    ; 4 LEs         ; 2 LEs                ; 2 LEs                  ; Yes        ; |top_module|SMG_SCAN_MODULE:U4|ROW_SCAN_MODULE:U_row_scan_module_Inst|rSel_index[1] ;
+--------------------+-----------+---------------+----------------------+------------------------+------------+-------------------------------------------------------------------------------------+


+--------------------------------------------------------------------+
; Parameter Settings for User Entity Instance: SMG_ENCODER_MODULE:U3 ;
+----------------+----------+----------------------------------------+
; Parameter Name ; Value    ; Type                                   ;
+----------------+----------+----------------------------------------+
; _0             ; 11000000 ; Unsigned Binary                        ;
; _1             ; 11111001 ; Unsigned Binary                        ;
; _2             ; 10100100 ; Unsigned Binary                        ;
; _3             ; 10110000 ; Unsigned Binary                        ;
; _4             ; 10011001 ; Unsigned Binary                        ;
; _5             ; 10010010 ; Unsigned Binary                        ;
; _6             ; 10000010 ; Unsigned Binary                        ;
; _7             ; 11111000 ; Unsigned Binary                        ;
; _8             ; 10000000 ; Unsigned Binary                        ;
; _9             ; 10010000 ; Unsigned Binary                        ;
+----------------+----------+----------------------------------------+
Note: In order to hide this table in the UI and the text report file, please set the "Show Parameter Settings in Synthesis Report" option in "Analysis and Synthesis Settings -> More Settings" to "Off".


+--------------------------------------------------------------------------------------------------------+
; Parameter Settings for User Entity Instance: SMG_SCAN_MODULE:U4|ROW_SCAN_MODULE:U_row_scan_module_Inst ;
+----------------+---------------------+-----------------------------------------------------------------+
; Parameter Name ; Value               ; Type                                                            ;
+----------------+---------------------+-----------------------------------------------------------------+
; T10MS          ; 1111010000100011111 ; Unsigned Binary                                                 ;
+----------------+---------------------+-----------------------------------------------------------------+
Note: In order to hide this table in the UI and the text report file, please set the "Show Parameter Settings in Synthesis Report" option in "Analysis and Synthesis Settings -> More Settings" to "Off".


+--------------------------------------------------------------------------------------------------------+
; Parameter Settings for User Entity Instance: SMG_SCAN_MODULE:U4|COL_SCAN_MODULE:U_col_scan_module_Inst ;
+----------------+---------------------+-----------------------------------------------------------------+
; Parameter Name ; Value               ; Type                                                            ;
+----------------+---------------------+-----------------------------------------------------------------+
; T10MS          ; 1000100101100111111 ; Unsigned Binary                                                 ;
+----------------+---------------------+-----------------------------------------------------------------+
Note: In order to hide this table in the UI and the text report file, please set the "Show Parameter Settings in Synthesis Report" option in "Analysis and Synthesis Settings -> More Settings" to "Off".


+---------------------------------------------------------------------------------------+
; Parameter Settings for Inferred Entity Instance: NUMBER_MOD_MODULE:U2|lpm_divide:Mod0 ;
+------------------------+----------------+---------------------------------------------+
; Parameter Name         ; Value          ; Type                                        ;
+------------------------+----------------+---------------------------------------------+
; LPM_WIDTHN             ; 1              ; Untyped                                     ;
; LPM_WIDTHD             ; 4              ; Untyped                                     ;
; LPM_NREPRESENTATION    ; UNSIGNED       ; Untyped                                     ;
; LPM_DREPRESENTATION    ; UNSIGNED       ; Untyped                                     ;
; LPM_PIPELINE           ; 0              ; Untyped                                     ;
; LPM_REMAINDERPOSITIVE  ; TRUE           ; Untyped                                     ;
; MAXIMIZE_SPEED         ; 5              ; Untyped                                     ;
; CBXI_PARAMETER         ; lpm_divide_f9m ; Untyped                                     ;
; CARRY_CHAIN            ; MANUAL         ; Untyped                                     ;
; OPTIMIZE_FOR_SPEED     ; 5              ; Untyped                                     ;
; AUTO_CARRY_CHAINS      ; ON             ; AUTO_CARRY                                  ;
; IGNORE_CARRY_BUFFERS   ; OFF            ; IGNORE_CARRY                                ;
; AUTO_CASCADE_CHAINS    ; ON             ; AUTO_CASCADE                                ;
; IGNORE_CASCADE_BUFFERS ; OFF            ; IGNORE_CASCADE                              ;
+------------------------+----------------+---------------------------------------------+
Note: In order to hide this table in the UI and the text report file, please set the "Show Parameter Settings in Synthesis Report" option in "Analysis and Synthesis Settings -> More Settings" to "Off".


+----------------------------------------------------------------------------------------------------------------------------------------------------------------------------------------------------------+
; Port Connectivity Checks: "SMG_SCAN_MODULE:U4"                                                                                                                                                           ;
+--------------+--------+----------+-----------------------------------------------------------------------------------------------------------------------------------------------------------------------+
; Port         ; Type   ; Severity ; Details                                                                                                                                                               ;
+--------------+--------+----------+-----------------------------------------------------------------------------------------------------------------------------------------------------------------------+
; Col_Scan_Sig ; Output ; Warning  ; Output or bidir port (2 bits) is smaller than the port expression (8 bits) it drives.  The 6 most-significant bit(s) in the port expression will be connected to GND. ;
+--------------+--------+----------+-----------------------------------------------------------------------------------------------------------------------------------------------------------------------+


+-----------------------------------------------------------------------------------------------------------------------------------------------------------------------------------------------------------------+
; Port Connectivity Checks: "NUMBER_MOD_MODULE:U2"                                                                                                                                                                ;
+----------+--------+----------+----------------------------------------------------------------------------------------------------------------------------------------------------------------------------------+
; Port     ; Type   ; Severity ; Details                                                                                                                                                                          ;
+----------+--------+----------+----------------------------------------------------------------------------------------------------------------------------------------------------------------------------------+
; Num_Data ; Input  ; Warning  ; Input port expression (8 bits) is wider than the input port (1 bits) it drives.  The 7 most-significant bit(s) in the expression will be dangling if they have no other fanouts. ;
; Ten_Data ; Output ; Warning  ; Output or bidir port (1 bits) is smaller than the port expression (4 bits) it drives.  The 3 most-significant bit(s) in the port expression will be connected to GND.            ;
; One_Data ; Output ; Warning  ; Output or bidir port (1 bits) is smaller than the port expression (4 bits) it drives.  The 3 most-significant bit(s) in the port expression will be connected to GND.            ;
+----------+--------+----------+----------------------------------------------------------------------------------------------------------------------------------------------------------------------------------+


+-------------------------------+
; Elapsed Time Per Partition    ;
+----------------+--------------+
; Partition Name ; Elapsed Time ;
+----------------+--------------+
; Top            ; 00:00:03     ;
+----------------+--------------+


+-------------------------------+
; Analysis & Synthesis Messages ;
+-------------------------------+
Info: *******************************************************************
Info: Running Quartus II 64-Bit Analysis & Synthesis
    Info: Version 12.1 Build 177 11/07/2012 SJ Full Version
    Info: Processing started: Mon Nov 14 00:59:48 2016
Info: Command: quartus_map --read_settings_files=on --write_settings_files=off DIGITAL_NUM -c DIGITAL_NUM
Info (20030): Parallel compilation is enabled and will use 4 of the 4 processors detected
Info (12021): Found 1 design units, including 1 entities, in source file number_mod_module.v
    Info (12023): Found entity 1: NUMBER_MOD_MODULE
Info (12021): Found 1 design units, including 1 entities, in source file smg_encoder_module.v
    Info (12023): Found entity 1: SMG_ENCODER_MODULE
Warning (10229): Verilog HDL Expression warning at COL_SCAN_MODULE.v(18): truncated literal to match 19 bits
Info (12021): Found 1 design units, including 1 entities, in source file col_scan_module.v
    Info (12023): Found entity 1: COL_SCAN_MODULE
Info (12021): Found 1 design units, including 1 entities, in source file row_scan_module.v
    Info (12023): Found entity 1: ROW_SCAN_MODULE
Info (12021): Found 1 design units, including 1 entities, in source file smg_scan_module.v
    Info (12023): Found entity 1: SMG_SCAN_MODULE
Info (12021): Found 1 design units, including 1 entities, in source file top_module.v
    Info (12023): Found entity 1: top_module
Info (12127): Elaborating entity "top_module" for the top level hierarchy
Info (12128): Elaborating entity "NUMBER_MOD_MODULE" for hierarchy "NUMBER_MOD_MODULE:U2"
Warning (10230): Verilog HDL assignment warning at NUMBER_MOD_MODULE.v(39): truncated value with size 32 to match size of target (1)
Warning (10230): Verilog HDL assignment warning at NUMBER_MOD_MODULE.v(40): truncated value with size 32 to match size of target (1)
Info (12128): Elaborating entity "SMG_ENCODER_MODULE" for hierarchy "SMG_ENCODER_MODULE:U3"
Warning (10272): Verilog HDL Case Statement warning at SMG_ENCODER_MODULE.v(54): case item expression covers a value already covered by a previous case item
Warning (10272): Verilog HDL Case Statement warning at SMG_ENCODER_MODULE.v(87): case item expression covers a value already covered by a previous case item
Info (12128): Elaborating entity "SMG_SCAN_MODULE" for hierarchy "SMG_SCAN_MODULE:U4"
Info (12128): Elaborating entity "ROW_SCAN_MODULE" for hierarchy "SMG_SCAN_MODULE:U4|ROW_SCAN_MODULE:U_row_scan_module_Inst"
Info (12128): Elaborating entity "COL_SCAN_MODULE" for hierarchy "SMG_SCAN_MODULE:U4|COL_SCAN_MODULE:U_col_scan_module_Inst"
Warning (12011): Net is missing source, defaulting to GND
    Warning (12110): Net "Ten_Data[3]" is missing source, defaulting to GND
    Warning (12110): Net "Ten_Data[2]" is missing source, defaulting to GND
    Warning (12110): Net "Ten_Data[1]" is missing source, defaulting to GND
    Warning (12110): Net "One_Data[3]" is missing source, defaulting to GND
    Warning (12110): Net "One_Data[2]" is missing source, defaulting to GND
    Warning (12110): Net "One_Data[1]" is missing source, defaulting to GND
Info (278001): Inferred 1 megafunctions from design logic
    Info (278004): Inferred divider/modulo megafunction ("lpm_divide") from the following logic: "NUMBER_MOD_MODULE:U2|Mod0"
Info (12130): Elaborated megafunction instantiation "NUMBER_MOD_MODULE:U2|lpm_divide:Mod0"
Info (12133): Instantiated megafunction "NUMBER_MOD_MODULE:U2|lpm_divide:Mod0" with the following parameter:
    Info (12134): Parameter "LPM_WIDTHN" = "1"
    Info (12134): Parameter "LPM_WIDTHD" = "4"
    Info (12134): Parameter "LPM_NREPRESENTATION" = "UNSIGNED"
    Info (12134): Parameter "LPM_DREPRESENTATION" = "UNSIGNED"
Info (12021): Found 1 design units, including 1 entities, in source file db/lpm_divide_f9m.tdf
    Info (12023): Found entity 1: lpm_divide_f9m
Info (12021): Found 1 design units, including 1 entities, in source file db/sign_div_unsign_7kh.tdf
    Info (12023): Found entity 1: sign_div_unsign_7kh
Info (12021): Found 1 design units, including 1 entities, in source file db/alt_u_div_24f.tdf
    Info (12023): Found entity 1: alt_u_div_24f
Info (12021): Found 1 design units, including 1 entities, in source file db/add_sub_7pc.tdf
    Info (12023): Found entity 1: add_sub_7pc
Info (12021): Found 1 design units, including 1 entities, in source file db/add_sub_8pc.tdf
    Info (12023): Found entity 1: add_sub_8pc
Warning (12241): 2 hierarchies have connectivity warnings - see the Connectivity Checks report folder
Info (13000): Registers with preset signals will power-up high
Info (13003): DEV_CLRn pin will set, and not reset, register with preset signal due to NOT Gate Push-Back
Warning (13024): Output pins are stuck at VCC or GND
    Warning (13410): Pin "Col_Scan_Sig[0]" is stuck at GND
    Warning (13410): Pin "Col_Scan_Sig[1]" is stuck at VCC
    Warning (13410): Pin "Col_Scan_Sig[2]" is stuck at GND
    Warning (13410): Pin "Col_Scan_Sig[3]" is stuck at GND
    Warning (13410): Pin "Col_Scan_Sig[4]" is stuck at GND
    Warning (13410): Pin "Col_Scan_Sig[5]" is stuck at GND
    Warning (13410): Pin "Col_Scan_Sig[6]" is stuck at GND
    Warning (13410): Pin "Col_Scan_Sig[7]" is stuck at GND
Info (286030): Timing-Driven Synthesis is running
Info (17049): 21 registers lost all their fanouts during netlist optimizations.
Info (16010): Generating hard_block partition "hard_block:auto_generated_inst"
    Info (16011): Adding 0 node(s), including 0 DDIO, 0 PLL, 0 transceiver and 0 LCELL
Warning (21074): Design contains 7 input pin(s) that do not drive logic
    Warning (15610): No output dependent on input pin "Number_Data[1]"
    Warning (15610): No output dependent on input pin "Number_Data[2]"
    Warning (15610): No output dependent on input pin "Number_Data[3]"
    Warning (15610): No output dependent on input pin "Number_Data[4]"
    Warning (15610): No output dependent on input pin "Number_Data[5]"
    Warning (15610): No output dependent on input pin "Number_Data[6]"
    Warning (15610): No output dependent on input pin "Number_Data[7]"
Info (21057): Implemented 68 device resources after synthesis - the final resource count might be different
    Info (21058): Implemented 10 input pins
    Info (21059): Implemented 16 output pins
    Info (21061): Implemented 42 logic cells
Info: Quartus II 64-Bit Analysis & Synthesis was successful. 0 errors, 30 warnings
    Info: Peak virtual memory: 439 megabytes
    Info: Processing ended: Mon Nov 14 00:59:54 2016
    Info: Elapsed time: 00:00:06
    Info: Total CPU time (on all processors): 00:00:06


